// Jest Snapshot v1, https://goo.gl/fbAQLP

exports[`should render PastWordsList with no past games correctly 1`] = `
<div
  className="past-games"
>
  <div
    className="list-header"
  >
    <div>
      Word
    </div>
    <div
      className="show-for-desktop"
    >
      Date
    </div>
  </div>
  <div
    className="list-item list-item--message"
  >
    <span>
      No past games available
    </span>
  </div>
</div>
`;

exports[`should render PastWordsList with past games correctly 1`] = `
<div
  className="past-games"
>
  <div
    className="list-header"
  >
    <div>
      Word
    </div>
    <div
      className="show-for-desktop"
    >
      Date
    </div>
  </div>
  <PastWordsListItem
    def="in this"
    id="15"
    key="herein"
    playedAt={1565717060602}
    type="adverb"
    won={false}
    word="herein"
  />
  <PastWordsListItem
    def="instruction especially of an individual"
    id="14"
    key="tutelage"
    playedAt={1565717033093}
    type="noun"
    won={false}
    word="tutelage"
  />
  <PastWordsListItem
    def="to make invalid; especially : to weaken or destroy the cogency of"
    id="13"
    key="invalidate"
    playedAt={1565717015798}
    type="verb"
    won={false}
    word="invalidate"
  />
  <PastWordsListItem
    def="elderberry"
    id="12"
    key="elders"
    playedAt={1565716947670}
    type="noun"
    won={false}
    word="elders"
  />
  <PastWordsListItem
    def="the smallest of three dimensions"
    id="11"
    key="thickness"
    playedAt={1565716854400}
    type="noun"
    won={false}
    word="thickness"
  />
  <PastWordsListItem
    def="grandfather"
    id="10"
    key="grandad"
    playedAt={1565716749582}
    type="noun"
    won={false}
    word="grandad"
  />
  <PastWordsListItem
    def="to mix again"
    id="9"
    key="remixes"
    playedAt={1565716729632}
    type="verb"
    won={false}
    word="remixes"
  />
  <PastWordsListItem
    def="the value set in Anglo-Saxon and Germanic law upon human life in accordance with rank and paid as compensation to the kindred or lord of a slain person"
    id="8"
    key="wergild"
    playedAt={1565716708944}
    type="noun"
    won={false}
    word="wergild"
  />
  <PastWordsListItem
    def="an ability to keep from getting upset or offended by the things other people say and do"
    id="7"
    key="thickskin"
    playedAt={1565716696718}
    type="noun"
    won={false}
    word="thickskin"
  />
  <PastWordsListItem
    def="inlaid decoration of tortoiseshell, yellow metal, and white metal in cabinetwork"
    id="6"
    key="buhls"
    playedAt={1565716667188}
    type="noun"
    won={false}
    word="buhls"
  />
</div>
`;
