// Jest Snapshot v1, https://goo.gl/fbAQLP

exports[`should render Header correctly 1`] = `
<header
  className="header"
>
  <div
    className="content-container"
  >
    <div
      className="header__content"
    >
      <Link
        className="header__title"
        to="/play"
      >
        <h1>
          Hangapp
        </h1>
      </Link>
      <div
        className="trigger-container trigger-container--open show-for-mobile"
        onClick={[MockFunction]}
      >
        <div
          className="meat"
        />
        <div
          className="meat"
        />
        <div
          className="meat"
        />
      </div>
    </div>
  </div>
</header>
`;
