// Jest Snapshot v1, https://goo.gl/fbAQLP

exports[`should render HomePage correctly 1`] = `
<div
  className="box-layout"
>
  <div
    className="box-layout__box"
  >
    <h1
      className="box-layout__title"
    >
      Hangapp
    </h1>
    <p>
      Test your knowledge!
    </p>
    <div
      className="input-group input-group--centered-column"
    >
      <Link
        className="button input-group__item input-group__item--column"
        to="/login"
      >
        Login
      </Link>
      <Link
        className="button button--secondary input-group__item input-group__item--column"
        to="/signup"
      >
        Signup
      </Link>
    </div>
  </div>
</div>
`;
