// Jest Snapshot v1, https://goo.gl/fbAQLP

exports[`should render LetterGrid correctly 1`] = `
<div
  className="letter-grid"
>
  <Connect(LetterGridItem)
    handleGuess={[Function]}
    handleKeyPress={[Function]}
    key="a"
    letter="a"
  />
  <Connect(LetterGridItem)
    handleGuess={[Function]}
    handleKeyPress={[Function]}
    key="b"
    letter="b"
  />
  <Connect(LetterGridItem)
    handleGuess={[Function]}
    handleKeyPress={[Function]}
    key="c"
    letter="c"
  />
  <Connect(LetterGridItem)
    handleGuess={[Function]}
    handleKeyPress={[Function]}
    key="d"
    letter="d"
  />
  <Connect(LetterGridItem)
    handleGuess={[Function]}
    handleKeyPress={[Function]}
    key="e"
    letter="e"
  />
  <Connect(LetterGridItem)
    handleGuess={[Function]}
    handleKeyPress={[Function]}
    key="f"
    letter="f"
  />
  <Connect(LetterGridItem)
    handleGuess={[Function]}
    handleKeyPress={[Function]}
    key="g"
    letter="g"
  />
  <Connect(LetterGridItem)
    handleGuess={[Function]}
    handleKeyPress={[Function]}
    key="h"
    letter="h"
  />
  <Connect(LetterGridItem)
    handleGuess={[Function]}
    handleKeyPress={[Function]}
    key="i"
    letter="i"
  />
  <Connect(LetterGridItem)
    handleGuess={[Function]}
    handleKeyPress={[Function]}
    key="j"
    letter="j"
  />
  <Connect(LetterGridItem)
    handleGuess={[Function]}
    handleKeyPress={[Function]}
    key="k"
    letter="k"
  />
  <Connect(LetterGridItem)
    handleGuess={[Function]}
    handleKeyPress={[Function]}
    key="l"
    letter="l"
  />
  <Connect(LetterGridItem)
    handleGuess={[Function]}
    handleKeyPress={[Function]}
    key="m"
    letter="m"
  />
  <Connect(LetterGridItem)
    handleGuess={[Function]}
    handleKeyPress={[Function]}
    key="n"
    letter="n"
  />
  <Connect(LetterGridItem)
    handleGuess={[Function]}
    handleKeyPress={[Function]}
    key="o"
    letter="o"
  />
  <Connect(LetterGridItem)
    handleGuess={[Function]}
    handleKeyPress={[Function]}
    key="p"
    letter="p"
  />
  <Connect(LetterGridItem)
    handleGuess={[Function]}
    handleKeyPress={[Function]}
    key="q"
    letter="q"
  />
  <Connect(LetterGridItem)
    handleGuess={[Function]}
    handleKeyPress={[Function]}
    key="r"
    letter="r"
  />
  <Connect(LetterGridItem)
    handleGuess={[Function]}
    handleKeyPress={[Function]}
    key="s"
    letter="s"
  />
  <Connect(LetterGridItem)
    handleGuess={[Function]}
    handleKeyPress={[Function]}
    key="t"
    letter="t"
  />
  <Connect(LetterGridItem)
    handleGuess={[Function]}
    handleKeyPress={[Function]}
    key="u"
    letter="u"
  />
  <Connect(LetterGridItem)
    handleGuess={[Function]}
    handleKeyPress={[Function]}
    key="v"
    letter="v"
  />
  <Connect(LetterGridItem)
    handleGuess={[Function]}
    handleKeyPress={[Function]}
    key="w"
    letter="w"
  />
  <Connect(LetterGridItem)
    handleGuess={[Function]}
    handleKeyPress={[Function]}
    key="x"
    letter="x"
  />
  <Connect(LetterGridItem)
    handleGuess={[Function]}
    handleKeyPress={[Function]}
    key="y"
    letter="y"
  />
  <Connect(LetterGridItem)
    handleGuess={[Function]}
    handleKeyPress={[Function]}
    key="z"
    letter="z"
  />
  <t
    handleEventType="keydown"
    handleFocusableElements={false}
    handleKeys={
      Array [
        "a",
        "b",
        "c",
        "d",
        "e",
        "f",
        "g",
        "h",
        "i",
        "j",
        "k",
        "l",
        "m",
        "n",
        "o",
        "p",
        "q",
        "r",
        "s",
        "t",
        "u",
        "v",
        "w",
        "x",
        "y",
        "z",
      ]
    }
    onKeyEvent={[Function]}
  />
</div>
`;
