// Jest Snapshot v1, https://goo.gl/fbAQLP

exports[`should render Signup component correctly 1`] = `
<form
  className="form form--login"
  onSubmit={[Function]}
>
  <input
    autoFocus={true}
    className="text-input"
    name="email"
    onChange={[Function]}
    placeholder="Email"
    type="email"
    value=""
  />
  <input
    className="text-input"
    name="password"
    onChange={[Function]}
    placeholder="Password"
    type="password"
    value=""
  />
  <div
    className="input-group input-group--centered-column"
  >
    <button
      className="button input-group__item input-group__item--column"
    >
      Signup
    </button>
    <Link
      className="button button--secondary input-group__item input-group__item--column"
      to="/"
    >
      Back
    </Link>
  </div>
</form>
`;
